[debug] [2026-04-08T17:02:34.318Z] ----------------------------------------------------------------------
[debug] [2026-04-08T17:02:34.320Z] Command:       C:\Program Files\nodejs\node.exe C:\Users\dmytr\AppData\Roaming\npm\node_modules\firebase-tools\lib\bin\firebase.js init
[debug] [2026-04-08T17:02:34.321Z] CLI Version:   15.13.0
[debug] [2026-04-08T17:02:34.321Z] Platform:      win32
[debug] [2026-04-08T17:02:34.321Z] Node Version:  v24.14.0
[debug] [2026-04-08T17:02:34.321Z] Time:          Wed Apr 08 2026 20:02:34 GMT+0300 (за східноєвропейським літнім часом)
[debug] [2026-04-08T17:02:34.321Z] ----------------------------------------------------------------------
[debug] 
[info] 
     ######## #### ########  ######## ########     ###     ######  ########
     ##        ##  ##     ## ##       ##     ##  ##   ##  ##       ##
     ######    ##  ########  ######   ########  #########  ######  ######
     ##        ##  ##    ##  ##       ##     ## ##     ##       ## ##
     ##       #### ##     ## ######## ########  ##     ##  ######  ########

You're about to initialize a Firebase project in this directory:

  C:\Users\dmytr\dmyrkoo.github.io

[debug] [2026-04-08T17:10:33.930Z] ExitPromptError: User force closed the prompt with SIGINT
    at Interface.sigint (C:\Users\dmytr\AppData\Roaming\npm\node_modules\firebase-tools\node_modules\@inquirer\core\dist\commonjs\lib\create-prompt.js:101:37)
    at Interface.emit (node:events:508:28)
    at [_ttyWrite] [as _ttyWrite] (node:internal/readline/interface:1327:18)
    at ReadStream.onkeypress (node:internal/readline/interface:284:20)
    at ReadStream.emit (node:events:520:35)
    at emitKeys (node:internal/readline/utils:371:14)
    at emitKeys.next (<anonymous>)
    at ReadStream.onData (node:internal/readline/emitKeypressEvents:64:36)
    at ReadStream.emit (node:events:508:28)
    at addChunk (node:internal/streams/readable:563:12)
[error] 
[error] Error: An unexpected error has occurred.
